{
  "version": "1.5.0",
  "plugins_used": [
    {
      "name": "ArtifactoryDetector"
    },
    {
      "name": "AWSKeyDetector"
    },
    {
      "name": "AzureStorageKeyDetector"
    },
    {
      "name": "Base64HighEntropyString",
      "limit": 4.5
    },
    {
      "name": "BasicAuthDetector"
    },
    {
      "name": "CloudantDetector"
    },
    {
      "name": "DiscordBotTokenDetector"
    },
    {
      "name": "GitHubTokenDetector"
    },
    {
      "name": "GitLabTokenDetector"
    },
    {
      "name": "HexHighEntropyString",
      "limit": 3.0
    },
    {
      "name": "IbmCloudIamDetector"
    },
    {
      "name": "IbmCosHmacDetector"
    },
    {
      "name": "IPPublicDetector"
    },
    {
      "name": "JwtTokenDetector"
    },
    {
      "name": "KeywordDetector",
      "keyword_exclude": ""
    },
    {
      "name": "MailchimpDetector"
    },
    {
      "name": "NpmDetector"
    },
    {
      "name": "OpenAIDetector"
    },
    {
      "name": "PrivateKeyDetector"
    },
    {
      "name": "PypiTokenDetector"
    },
    {
      "name": "SendGridDetector"
    },
    {
      "name": "SlackDetector"
    },
    {
      "name": "SoftlayerDetector"
    },
    {
      "name": "SquareOAuthDetector"
    },
    {
      "name": "StripeDetector"
    },
    {
      "name": "TelegramBotTokenDetector"
    },
    {
      "name": "TwilioKeyDetector"
    }
  ],
  "filters_used": [
    {
      "path": "detect_secrets.filters.allowlist.is_line_allowlisted"
    },
    {
      "path": "detect_secrets.filters.common.is_baseline_file",
      "filename": ".secret.baseline"
    },
    {
      "path": "detect_secrets.filters.common.is_ignored_due_to_verification_policies",
      "min_level": 2
    },
    {
      "path": "detect_secrets.filters.heuristic.is_indirect_reference"
    },
    {
      "path": "detect_secrets.filters.heuristic.is_likely_id_string"
    },
    {
      "path": "detect_secrets.filters.heuristic.is_lock_file"
    },
    {
      "path": "detect_secrets.filters.heuristic.is_not_alphanumeric_string"
    },
    {
      "path": "detect_secrets.filters.heuristic.is_potential_uuid"
    },
    {
      "path": "detect_secrets.filters.heuristic.is_prefixed_with_dollar_sign"
    },
    {
      "path": "detect_secrets.filters.heuristic.is_sequential_string"
    },
    {
      "path": "detect_secrets.filters.heuristic.is_swagger_file"
    },
    {
      "path": "detect_secrets.filters.heuristic.is_templated_secret"
    },
    {
      "path": "detect_secrets.filters.regex.should_exclude_file",
      "pattern": [
        "(?:^coverage.svg$)|(?:^tests/)"
      ]
    }
  ],
  "results": {
    ".github/workflows/test-backend.yml": [
      {
        "type": "Secret Keyword",
        "filename": ".github/workflows/test-backend.yml",
        "hashed_secret": "8bb6118f8fd6935ad0876a3be34a717d32708ffd",
        "is_verified": false,
        "line_number": 33,
        "is_secret": false
      }
    ],
    "backend/tests/api/routes/test_login.py": [
      {
        "type": "Secret Keyword",
        "filename": "backend/tests/api/routes/test_login.py",
        "hashed_secret": "6c03ac0ea7241c3b2e2b7d54ff1db5f5539dc198",
        "is_verified": false,
        "line_number": 79,
        "is_secret": false
      },
      {
        "type": "Secret Keyword",
        "filename": "backend/tests/api/routes/test_login.py",
        "hashed_secret": "cdb0e76c1a69873cbdcdbe0a142d56c023dc9f22",
        "is_verified": false,
        "line_number": 164,
        "is_secret": false
      },
      {
        "type": "Secret Keyword",
        "filename": "backend/tests/api/routes/test_login.py",
        "hashed_secret": "a55a3986a699ba4d2b29b2057811322bf076abd0",
        "is_verified": false,
        "line_number": 258,
        "is_secret": false
      }
    ],
    "backend/tests/api/routes/test_private.py": [
      {
        "type": "Secret Keyword",
        "filename": "backend/tests/api/routes/test_private.py",
        "hashed_secret": "cbfdac6008f9cab4083784cbd1874f76618d2a97",
        "is_verified": false,
        "line_number": 16,
        "is_secret": false
      }
    ],
    "backend/tests/api/routes/test_rbac.py": [
      {
        "type": "Secret Keyword",
        "filename": "backend/tests/api/routes/test_rbac.py",
        "hashed_secret": "7f8316036b3ebfb2b145b09b947d8e3b22f974dc",
        "is_verified": false,
        "line_number": 18,
        "is_secret": false
      }
    ],
    "backend/tests/crud/test_rbac.py": [
      {
        "type": "Secret Keyword",
        "filename": "backend/tests/crud/test_rbac.py",
        "hashed_secret": "c18006fc138809314751cd1991f1e0b820fabd37",
        "is_verified": false,
        "line_number": 83,
        "is_secret": false
      }
    ],
    "backend/tests/test_utils.py": [
      {
        "type": "Secret Keyword",
        "filename": "backend/tests/test_utils.py",
        "hashed_secret": "9d4e1e23bd5b727046a9e3b4b7db57bd8d6ee684",
        "is_verified": false,
        "line_number": 111,
        "is_secret": false
      },
      {
        "type": "Secret Keyword",
        "filename": "backend/tests/test_utils.py",
        "hashed_secret": "d4e0e04792fd434b5dc9c4155c178f66edcf4ed3",
        "is_verified": false,
        "line_number": 204,
        "is_secret": false
      }
    ],
    "docs/auth/GitHub_OAuth.md": [
      {
        "type": "GitHub Token",
        "filename": "docs/auth/GitHub_OAuth.md",
        "hashed_secret": "ba29d6bfac4cd7b866a3d05103c38031a921ba88",
        "is_verified": false,
        "line_number": 57,
        "is_secret": false
      }
    ],
    "docs/backend.instructions.md": [
      {
        "type": "Secret Keyword",
        "filename": "docs/backend.instructions.md",
        "hashed_secret": "cbfdac6008f9cab4083784cbd1874f76618d2a97",
        "is_verified": false,
        "line_number": 542,
        "is_secret": false
      }
    ],
    "docs/frontend.instructions.md": [
      {
        "type": "Secret Keyword",
        "filename": "docs/frontend.instructions.md",
        "hashed_secret": "5baa61e4c9b93f3f0682250b6cf8331b7ee68fd8",
        "is_verified": false,
        "line_number": 144,
        "is_secret": false
      }
    ],
    "frontend/src/@types/i18next-resources.d.ts": [
      {
        "type": "Secret Keyword",
        "filename": "frontend/src/@types/i18next-resources.d.ts",
        "hashed_secret": "e8470ca11caf1dec41ff6367faba4973a080e0e6",
        "is_verified": false,
        "line_number": 86,
        "is_secret": false
      },
      {
        "type": "Secret Keyword",
        "filename": "frontend/src/@types/i18next-resources.d.ts",
        "hashed_secret": "a2f060b7363f54c9f80d62805d36636dd7ebc33c",
        "is_verified": false,
        "line_number": 145,
        "is_secret": false
      },
      {
        "type": "Secret Keyword",
        "filename": "frontend/src/@types/i18next-resources.d.ts",
        "hashed_secret": "0eb2773a13aa1cc88fce0b98ca1f2e2346c6fa80",
        "is_verified": false,
        "line_number": 157,
        "is_secret": false
      },
      {
        "type": "Secret Keyword",
        "filename": "frontend/src/@types/i18next-resources.d.ts",
        "hashed_secret": "e40123b4e7879a56fc22171a9ae637d418288daa",
        "is_verified": false,
        "line_number": 196,
        "is_secret": false
      },
      {
        "type": "Secret Keyword",
        "filename": "frontend/src/@types/i18next-resources.d.ts",
        "hashed_secret": "044b852f30b636aa923b18a61a35c79abc87556f",
        "is_verified": false,
        "line_number": 198,
        "is_secret": false
      },
      {
        "type": "Secret Keyword",
        "filename": "frontend/src/@types/i18next-resources.d.ts",
        "hashed_secret": "c2d404cb7bad34de0af2136b8efa809ea96170fa",
        "is_verified": false,
        "line_number": 205,
        "is_secret": false
      },
      {
        "type": "Secret Keyword",
        "filename": "frontend/src/@types/i18next-resources.d.ts",
        "hashed_secret": "4d5967896006c8a626ecef45e6312f6fc7d5b52f",
        "is_verified": false,
        "line_number": 207,
        "is_secret": false
      },
      {
        "type": "Secret Keyword",
        "filename": "frontend/src/@types/i18next-resources.d.ts",
        "hashed_secret": "4894cb39ee419a77b480060f3e4a6d0a4d0fa01f",
        "is_verified": false,
        "line_number": 215,
        "is_secret": false
      },
      {
        "type": "Secret Keyword",
        "filename": "frontend/src/@types/i18next-resources.d.ts",
        "hashed_secret": "8be3c943b1609fffbfc51aad666d0a04adf83c9d",
        "is_verified": false,
        "line_number": 216,
        "is_secret": false
      },
      {
        "type": "Secret Keyword",
        "filename": "frontend/src/@types/i18next-resources.d.ts",
        "hashed_secret": "2fbfe4eb90f1cec89ad6dda2fe15360768dbfa47",
        "is_verified": false,
        "line_number": 470,
        "is_secret": false
      },
      {
        "type": "Secret Keyword",
        "filename": "frontend/src/@types/i18next-resources.d.ts",
        "hashed_secret": "3e7d56a95804ff3c322b97a7e7cdba25dc920957",
        "is_verified": false,
        "line_number": 471,
        "is_secret": false
      },
      {
        "type": "Secret Keyword",
        "filename": "frontend/src/@types/i18next-resources.d.ts",
        "hashed_secret": "6c56a9249cba324d029f725f1f7c0e47184e2dcf",
        "is_verified": false,
        "line_number": 472,
        "is_secret": false
      }
    ],
    "frontend/src/locales/en/translation.json": [
      {
        "type": "Secret Keyword",
        "filename": "frontend/src/locales/en/translation.json",
        "hashed_secret": "e8470ca11caf1dec41ff6367faba4973a080e0e6",
        "is_verified": false,
        "line_number": 84,
        "is_secret": false
      },
      {
        "type": "Secret Keyword",
        "filename": "frontend/src/locales/en/translation.json",
        "hashed_secret": "a2f060b7363f54c9f80d62805d36636dd7ebc33c",
        "is_verified": false,
        "line_number": 143,
        "is_secret": false
      },
      {
        "type": "Secret Keyword",
        "filename": "frontend/src/locales/en/translation.json",
        "hashed_secret": "0eb2773a13aa1cc88fce0b98ca1f2e2346c6fa80",
        "is_verified": false,
        "line_number": 155,
        "is_secret": false
      },
      {
        "type": "Secret Keyword",
        "filename": "frontend/src/locales/en/translation.json",
        "hashed_secret": "e40123b4e7879a56fc22171a9ae637d418288daa",
        "is_verified": false,
        "line_number": 194,
        "is_secret": false
      },
      {
        "type": "Secret Keyword",
        "filename": "frontend/src/locales/en/translation.json",
        "hashed_secret": "044b852f30b636aa923b18a61a35c79abc87556f",
        "is_verified": false,
        "line_number": 196,
        "is_secret": false
      },
      {
        "type": "Secret Keyword",
        "filename": "frontend/src/locales/en/translation.json",
        "hashed_secret": "c2d404cb7bad34de0af2136b8efa809ea96170fa",
        "is_verified": false,
        "line_number": 203,
        "is_secret": false
      },
      {
        "type": "Secret Keyword",
        "filename": "frontend/src/locales/en/translation.json",
        "hashed_secret": "4d5967896006c8a626ecef45e6312f6fc7d5b52f",
        "is_verified": false,
        "line_number": 205,
        "is_secret": false
      },
      {
        "type": "Secret Keyword",
        "filename": "frontend/src/locales/en/translation.json",
        "hashed_secret": "4894cb39ee419a77b480060f3e4a6d0a4d0fa01f",
        "is_verified": false,
        "line_number": 213,
        "is_secret": false
      },
      {
        "type": "Secret Keyword",
        "filename": "frontend/src/locales/en/translation.json",
        "hashed_secret": "8be3c943b1609fffbfc51aad666d0a04adf83c9d",
        "is_verified": false,
        "line_number": 214,
        "is_secret": false
      },
      {
        "type": "Secret Keyword",
        "filename": "frontend/src/locales/en/translation.json",
        "hashed_secret": "2fbfe4eb90f1cec89ad6dda2fe15360768dbfa47",
        "is_verified": false,
        "line_number": 479,
        "is_secret": false
      },
      {
        "type": "Secret Keyword",
        "filename": "frontend/src/locales/en/translation.json",
        "hashed_secret": "3e7d56a95804ff3c322b97a7e7cdba25dc920957",
        "is_verified": false,
        "line_number": 480,
        "is_secret": false
      },
      {
        "type": "Secret Keyword",
        "filename": "frontend/src/locales/en/translation.json",
        "hashed_secret": "6c56a9249cba324d029f725f1f7c0e47184e2dcf",
        "is_verified": false,
        "line_number": 481,
        "is_secret": false
      }
    ],
    "frontend/src/locales/nl/translation.json": [
      {
        "type": "Secret Keyword",
        "filename": "frontend/src/locales/nl/translation.json",
        "hashed_secret": "626d8a5f68e4812eb6185e95b3229098ed6c80fb",
        "is_verified": false,
        "line_number": 84,
        "is_secret": false
      },
      {
        "type": "Secret Keyword",
        "filename": "frontend/src/locales/nl/translation.json",
        "hashed_secret": "34308c74a17bf0e93699e5df4425d705a6f6041b",
        "is_verified": false,
        "line_number": 143,
        "is_secret": false
      },
      {
        "type": "Secret Keyword",
        "filename": "frontend/src/locales/nl/translation.json",
        "hashed_secret": "5e4fb62aabfdb237fb407f82b43396681a006996",
        "is_verified": false,
        "line_number": 155,
        "is_secret": false
      },
      {
        "type": "Secret Keyword",
        "filename": "frontend/src/locales/nl/translation.json",
        "hashed_secret": "4a3eb71db7e4834beb9e484a2391e7cf5d232ec3",
        "is_verified": false,
        "line_number": 194,
        "is_secret": false
      },
      {
        "type": "Secret Keyword",
        "filename": "frontend/src/locales/nl/translation.json",
        "hashed_secret": "60af82e469d4b4f3356d1945241a11f6cf8f36ae",
        "is_verified": false,
        "line_number": 196,
        "is_secret": false
      },
      {
        "type": "Secret Keyword",
        "filename": "frontend/src/locales/nl/translation.json",
        "hashed_secret": "edf3c46e95e555dd17fb30f20fdc80cc731efcee",
        "is_verified": false,
        "line_number": 203,
        "is_secret": false
      },
      {
        "type": "Secret Keyword",
        "filename": "frontend/src/locales/nl/translation.json",
        "hashed_secret": "b08bdd4b78894d535c744ef315b6d77012ced30a",
        "is_verified": false,
        "line_number": 205,
        "is_secret": false
      },
      {
        "type": "Secret Keyword",
        "filename": "frontend/src/locales/nl/translation.json",
        "hashed_secret": "fafea4e734e05e1b7164a69ccf0340df87e430e3",
        "is_verified": false,
        "line_number": 213,
        "is_secret": false
      },
      {
        "type": "Secret Keyword",
        "filename": "frontend/src/locales/nl/translation.json",
        "hashed_secret": "8278b30ef12fdf2ca2aaa363ea2f2504f0543357",
        "is_verified": false,
        "line_number": 214,
        "is_secret": false
      },
      {
        "type": "Secret Keyword",
        "filename": "frontend/src/locales/nl/translation.json",
        "hashed_secret": "b4ecfe8d6ddeaf1aabe621f89807520c56c4d131",
        "is_verified": false,
        "line_number": 479,
        "is_secret": false
      },
      {
        "type": "Secret Keyword",
        "filename": "frontend/src/locales/nl/translation.json",
        "hashed_secret": "ebbecca625c630f54e55e0d5f530504278c047fb",
        "is_verified": false,
        "line_number": 480,
        "is_secret": false
      },
      {
        "type": "Secret Keyword",
        "filename": "frontend/src/locales/nl/translation.json",
        "hashed_secret": "b0892fe5779f3febb78f491c61e6b3310b5591e0",
        "is_verified": false,
        "line_number": 481,
        "is_secret": false
      },
      {
        "type": "Secret Keyword",
        "filename": "frontend/src/locales/nl/translation.json",
        "hashed_secret": "554094afceddb92655df9728adb4080752bfa454",
        "is_verified": false,
        "line_number": 482,
        "is_secret": false
      }
    ],
    "frontend/tests/user-settings.spec.ts": [
      {
        "type": "Secret Keyword",
        "filename": "frontend/tests/user-settings.spec.ts",
        "hashed_secret": "1ded3053d0363079a4e681a3b700435d6d880290",
        "is_verified": false,
        "line_number": 172,
        "is_secret": false
      }
    ]
  },
  "generated_at": "2026-07-29T11:24:17Z"
}
